
 RUN  v4.0.17 C:/Users/IMAOBONG/VelumX/backend

 ÔØ» src/__tests__/routes/paymaster.test.ts (28 tests | 1 failed) 266ms
       Ô£ô should return fee estimate for valid request 65ms
       Ô£ô should return 400 when estimatedGasInStx is missing 9ms
       Ô£ô should return 400 when estimatedGasInStx is zero 7ms
       Ô£ô should return 400 when estimatedGasInStx is negative 8ms
       Ô£ô should handle very large gas amounts 9ms
       Ô£ô should return 500 on service error 8ms
       Ô£ô should convert bigint values to strings in response 7ms
       Ô£ô should sponsor transaction when user has sufficient balance 7ms
       Ô£ô should return 400 when transaction is missing 10ms
       Ô£ô should return 400 when userAddress is missing 9ms
       Ô£ô should return 400 when estimatedFee is missing 5ms
       Ô£ô should return 400 when user has insufficient balance 6ms
       Ô£ô should return 503 when relayer balance is too low 5ms
       ├ù should return 500 on other service errors 15ms
       Ô£ô should handle very large fee amounts 6ms
       Ô£ô should validate balance before sponsoring 5ms
       Ô£ô should return current exchange rates 6ms
       Ô£ô should return 500 on service error 5ms
       Ô£ô should include all required rate fields 6ms
       Ô£ô should handle cached rates 5ms
       Ô£ô should include timestamp in all responses 6ms
       Ô£ô should log errors appropriately 5ms
       Ô£ô should differentiate between balance and service errors 9ms
       Ô£ô should handle malformed JSON 9ms
       Ô£ô should handle non-numeric estimatedGasInStx 5ms
       Ô£ô should handle empty request body 8ms
       Ô£ô should return consistent success response format 5ms
       Ô£ô should return consistent error response format 8ms
node.exe : 
At C:\Program Files\no
dejs\npx.ps1:29 char:3
+   & $NODE_EXE 
$NPX_CLI_JS $args
+   ~~~~~~~~~~~~~~~~~~
~~~~~~~~~~~
    + CategoryInfo    
          : NotSpeci  
  fied: (:String) [   
 ], RemoteExceptio    
n
    + FullyQualifiedE 
   rrorId : NativeCo  
  mmandError
 
ÔÄ»ÔÄ»ÔÄ»ÔÄ»ÔÄ»ÔÄ»ÔÄ» 
Failed Tests 1 
ÔÄ»ÔÄ»ÔÄ»ÔÄ»ÔÄ»ÔÄ»ÔÄ»

 FAIL  src/__tests__/r
outes/paymaster.test.t
s > Paymaster API 
Routes > POST /api/pay
master/sponsor > 
should return 500 on 
other service errors
AssertionError: 
expected { Object 
(error, message, ...) 
} to match object { 
Object (error, 
message) }
(1 matching property 
omitted from actual)

[32m- Expected[39m
[31m+ Received[39m

[2m  {[22m
[2m    "error": 
"Internal Server 
Error",[22m
[32m-   "message": 
"Failed to sponsor 
transaction",[39m
[31m+   "message": 
"Network error",[39m
[2m  }[22m

 ÔØ» src/__tests__/rou
tes/paymaster.test.ts:
292:29
    290|         
.expect(500);
    291| 
    292|       expect(
response.body).toMatch
Object({
       |              
               ^
    293|         
error: 'Internal 
Server Error',
    294|         
message: 'Failed to 
sponsor transaction',

ÔÄ»ÔÄ»ÔÄ»ÔÄ»ÔÄ»ÔÄ»ÔÄ»Ô
Ä»ÔÄ»ÔÄ»ÔÄ»ÔÄ»ÔÄ»ÔÄ»ÔÄ
»ÔÄ»ÔÄ»ÔÄ»ÔÄ»ÔÄ»ÔÄ»ÔÄ»
ÔÄ»ÔÄ»[1/1]ÔÄ»


 Test Files  1 failed (1)
      Tests  1 failed | 27 passed (28)
   Start at  12:13:07
   Duration  1.19s (transform 255ms, setup 0ms, import 586ms, tests 266ms, environment 0ms)

